Actual:    1.2642765e+00
Reference: 1.2642765e+00
