Actual:    [9.7263093e-01, 2.3235550e-01]
Reference: [9.7263064e-01, 2.3235670e-01]
