[
  [ 1.234,  0.000,  2.345],
  [ 0.000, -3.456,  0.000]
]
