[
  [ 1.000e+00,  9.900e-01,  9.726e-01,  9.608e-01],
  [ 9.900e-01,  1.000e+00,  9.956e-01,  9.900e-01],
  [ 9.726e-01,  9.956e-01,  1.000e+00,  9.989e-01],
  [ 9.608e-01,  9.900e-01,  9.989e-01,  1.000e+00]
]
