Actual:    [-6.9914543e-01, 7.1497947e-01]
Reference: [-6.9914694e-01, 7.1497801e-01]
