Actual:    1.0433251e+01
Reference: 1.0433273e+01
