Actual:    1.0433259e+01
Reference: 1.0433273e+01
