Actual:    [6.9914718e-01, -7.1497783e-01]
Reference: [6.9914694e-01, -7.1497801e-01]
