Actual:    [6.9914780e-01, -7.1497748e-01]
Reference: [6.9914694e-01, -7.1497801e-01]
