Actual:    [-6.9914589e-01, 7.1497724e-01]
Reference: [-6.9914694e-01, 7.1497801e-01]
