Actual:    [-6.9914690e-01, 7.1497792e-01]
Reference: [-6.9914694e-01, 7.1497801e-01]
