Actual:    [-6.9914599e-01, 7.1497893e-01]
Reference: [-6.9914694e-01, 7.1497801e-01]
