Actual:    [-9.7273510e-01, -2.3186763e-01]
Reference: [-9.7274670e-01, -2.3187035e-01]
