Actual:    1.2636593e+00
Reference: 1.2636445e+00
