Actual:    [-6.9914707e-01, 7.1497819e-01]
Reference: [-6.9914694e-01, 7.1497801e-01]
