Actual:     1.0100502e+00
Reference:  1.0100502e+00
Est. Error: -1.3e-13
