Actual:     1.0100502e+00
Reference:  1.0100502e+00
Est. Error: 2.5e-07
