                 Actual              Reference             Est. Error           Actual Error
    1.0100501670842e+00    1.0100501670842e+00   -1.2772427442729e-13   -8.8817841970013e-16

