                 Actual              Reference             Est. Error           Actual Error
    1.0100501671042e+00    1.0100501670842e+00    1.6916046579044e-07    2.0043966486583e-11

