Actual:    1.2636446e+00
Reference: 1.2636445e+00
