                  Index                 Actual              Reference                  Error
                      0    4.9801566811836e-01    4.9801566811836e-01    0.0000000000000e+00
                      1    8.1816399954175e-01    8.1816399950000e-01    4.1747938439585e-11

