                  Index                 Actual              Reference                  Error
                      0   -1.5494982830181e-01   -1.5494982830181e-01   -2.7755575615629e-17
                      1    7.6331382871398e-01    7.6331382870000e-01    1.3982814905944e-11

