[ 0.02,  0.78,  0.80,  0.80,  0.00,  0.00,  0.00,  0.00, -0.01, -0.19, -0.19, -0.01,  0.00,  0.00,  0.00]
