Actual:    [8.1873075e-01, 9.0483742e-01]
Reference: [8.1873075e-01, 9.0483742e-01]
