                  Index                 Actual              Reference                  Error
                      0    1.0000000000000e+00    1.0000000000000e+00    0.0000000000000e+00
                      1    2.0000000000000e+00    2.0000000000000e+00    0.0000000000000e+00
                      2   -3.0000000000000e+00   -3.0000000000000e+00    0.0000000000000e+00

