Actual:     [1.0000000e+00, 2.0000000e+00, -3.0000000e+00]
Reference:  [1.0000000e+00, 2.0000000e+00, -3.0000000e+00]
Iterations: 2
