                 Actual              Reference                  Error
    1.0433270908391e+01    1.0433272727549e+01   -1.8191580952731e-06

