                  Index                 Actual              Reference                  Error
                      0    9.9999950000006e-01    9.9999950000004e-01    1.3877787807814e-14
                      1    9.9999983333335e-04    9.9999983333334e-04    9.9746599868666e-18

