                 Actual              Reference             Est. Error           Actual Error
    1.0100501670841e+00    1.0100501670842e+00   -7.8226314315089e-13   -5.2402526762307e-14

