                  Index                 Actual              Reference                  Error
                      0    9.9500416527802e-01    9.9500416527803e-01   -1.1102230246252e-15
                      1    9.9833416646826e-02    9.9833416646828e-02   -2.0122792321331e-15

