       value
           0
           2
           4
       value
           6
           8
          10
       value
          12
          14
          16
       value
          18
Finished iterations: value=19

