                  Index                 Actual              Reference                  Error
                      0    0.0000000000000e+00    0.0000000000000e+00    0.0000000000000e+00
                      1    0.0000000000000e+00    0.0000000000000e+00    0.0000000000000e+00
                      2    6.9314718055995e-01    6.9314718055995e-01    3.3306690738755e-16
                      3    1.7917594692281e+00    1.7917594692281e+00   -4.4408920985006e-16
                      4    3.1780538303479e+00    3.1780538303479e+00   -4.4408920985006e-16
                      5    5.7236494292470e-01    5.7236494292470e-01    4.4408920985006e-16
                      6    9.8542064692777e-01    9.8542064692777e-01    7.7715611723761e-16
                      7    1.8238983407092e+01    1.8238983407092e+01    3.5527136788005e-15

