Actual:    [9.9995000e-01, 9.9998333e-03]
Reference: [9.9995000e-01, 9.9998333e-03]
