                  Index                 Actual              Reference                  Error
                      0    1.2300000002190e-01    1.2300000000000e-01    2.1895638080416e-11
                      1   -2.3400000000320e-01   -2.3400000000000e-01   -3.1960822877153e-12

