                  Index                 Actual              Reference                  Error
                      0    1.2300000000000e-01    1.2300000000000e-01   -2.5812685322535e-15
                      1   -2.3399999999872e-01   -2.3400000000000e-01    1.2826406603494e-12

