                  Index                 Actual              Reference                  Error
                      0    9.7990200979902e-01    9.7990200979902e-01    0.0000000000000e+00
                      1    2.0097990200980e+00    2.0097990200980e+00    0.0000000000000e+00

