Actual:    [9.9959998e-01, 2.0000999e+00]
Reference: [9.9959996e-01, 2.0001999e+00]
