Actual:    [-6.9914679e-01, 7.1497815e-01]
Reference: [-6.9914694e-01, 7.1497801e-01]
